pg_namespace
16384,s,10,NULL
pg_class
16385,t_d_seq,16384,0,0,10,0,16385,0,1,1,0,0,0,f,f,p,S,3,0,f,f,f,f,f,t,n,f,0,t,0,NULL,NULL,NULL
16386,t,16384,16388,0,10,2,16386,0,0,-1,0,0,16395,t,f,p,r,4,1,f,t,f,f,f,t,d,f,0,f,1,NULL,NULL,NULL
16395,pg_toast_16386,99,0,0,10,2,16395,0,0,-1,0,0,0,t,f,p,t,3,0,f,f,f,f,f,t,n,f,0,f,1,NULL,NULL,NULL
16396,pg_toast_16386_index,99,0,0,10,403,16396,0,1,0,0,0,0,f,f,p,i,2,0,f,f,f,f,f,t,n,f,0,t,0,NULL,NULL,NULL
16397,t_pkey,16384,0,0,10,403,16397,0,1,0,0,0,0,f,f,p,i,1,0,f,f,f,f,f,t,n,f,0,t,0,NULL,NULL,NULL
16399,t_lower_idx,16384,0,0,10,403,16399,0,1,0,0,0,0,f,f,p,i,1,0,f,f,f,f,f,t,n,f,0,t,0,NULL,NULL,NULL
16400,u,16384,16402,0,10,2,16400,0,0,-1,0,0,16403,t,f,p,r,2,0,f,t,f,f,f,t,d,f,0,f,1,NULL,NULL,NULL
16403,pg_toast_16400,99,0,0,10,2,16403,0,0,-1,0,0,0,t,f,p,t,3,0,f,f,f,f,f,t,n,f,0,f,1,NULL,NULL,NULL
16404,pg_toast_16400_index,99,0,0,10,403,16404,0,1,0,0,0,0,f,f,p,i,2,0,f,f,f,f,f,t,n,f,0,t,0,NULL,NULL,NULL
16405,u_b_key,16384,0,0,10,403,16405,0,1,0,0,0,0,f,f,p,i,1,0,f,f,f,f,f,t,n,f,0,t,0,NULL,NULL,NULL
pg_type
16387,_t,16384,10,-1,f,b,A,f,t,,,0,array_subscript_handler,16388,0,array_in,array_out,array_recv,array_send,-,-,array_typanalyze,d,x,f,0,-1,0,0,NULL,NULL,NULL
16388,t,16384,10,-1,f,c,C,f,t,,,16386,-,0,16387,record_in,record_out,record_recv,record_send,-,-,-,d,x,f,0,-1,0,0,NULL,NULL,NULL
16401,_u,16384,10,-1,f,b,A,f,t,,,0,array_subscript_handler,16402,0,array_in,array_out,array_recv,array_send,-,-,array_typanalyze,d,x,f,0,-1,0,0,NULL,NULL,NULL
16402,u,16384,10,-1,f,c,C,f,t,,,16400,-,0,16401,record_in,record_out,record_recv,record_send,-,-,-,d,x,f,0,-1,0,0,NULL,NULL,NULL
pg_attribute
16385,tableoid,26,4,-6,-1,0,t,i,p,,t,f,f,,,f,t,0,0,NULL,NULL,NULL,NULL,NULL
16385,cmax,29,4,-5,-1,0,t,i,p,,t,f,f,,,f,t,0,0,NULL,NULL,NULL,NULL,NULL
16385,xmax,28,4,-4,-1,0,t,i,p,,t,f,f,,,f,t,0,0,NULL,NULL,NULL,NULL,NULL
16385,cmin,29,4,-3,-1,0,t,i,p,,t,f,f,,,f,t,0,0,NULL,NULL,NULL,NULL,NULL
16385,xmin,28,4,-2,-1,0,t,i,p,,t,f,f,,,f,t,0,0,NULL,NULL,NULL,NULL,NULL
16385,ctid,27,6,-1,-1,0,f,s,p,,t,f,f,,,f,t,0,0,NULL,NULL,NULL,NULL,NULL
16385,last_value,20,8,1,-1,0,t,d,p,,t,f,f,,,f,t,0,0,NULL,NULL,NULL,NULL,NULL
16385,log_cnt,20,8,2,-1,0,t,d,p,,t,f,f,,,f,t,0,0,NULL,NULL,NULL,NULL,NULL
16385,is_called,16,1,3,-1,0,t,c,p,,t,f,f,,,f,t,0,0,NULL,NULL,NULL,NULL,NULL
16386,tableoid,26,4,-6,-1,0,t,i,p,,t,f,f,,,f,t,0,0,NULL,NULL,NULL,NULL,NULL
16386,cmax,29,4,-5,-1,0,t,i,p,,t,f,f,,,f,t,0,0,NULL,NULL,NULL,NULL,NULL
16386,xmax,28,4,-4,-1,0,t,i,p,,t,f,f,,,f,t,0,0,NULL,NULL,NULL,NULL,NULL
16386,cmin,29,4,-3,-1,0,t,i,p,,t,f,f,,,f,t,0,0,NULL,NULL,NULL,NULL,NULL
16386,xmin,28,4,-2,-1,0,t,i,p,,t,f,f,,,f,t,0,0,NULL,NULL,NULL,NULL,NULL
16386,ctid,27,6,-1,-1,0,f,s,p,,t,f,f,,,f,t,0,0,NULL,NULL,NULL,NULL,NULL
16386,a,23,4,1,-1,0,t,i,p,,t,f,f,,,f,t,0,0,NULL,NULL,NULL,NULL,NULL
16386,b,25,-1,2,-1,0,f,i,x,,t,t,f,,,f,t,0,100,NULL,NULL,NULL,NULL,NULL
16386,c,1700,-1,3,327686,0,f,i,m,,f,f,f,,,f,t,0,0,NULL,NULL,NULL,NULL,NULL
16386,d,23,4,4,-1,0,t,i,p,,t,t,f,,,f,t,0,0,NULL,NULL,NULL,NULL,NULL
16395,tableoid,26,4,-6,-1,0,t,i,p,,t,f,f,,,f,t,0,0,NULL,NULL,NULL,NULL,NULL
16395,cmax,29,4,-5,-1,0,t,i,p,,t,f,f,,,f,t,0,0,NULL,NULL,NULL,NULL,NULL
16395,xmax,28,4,-4,-1,0,t,i,p,,t,f,f,,,f,t,0,0,NULL,NULL,NULL,NULL,NULL
16395,cmin,29,4,-3,-1,0,t,i,p,,t,f,f,,,f,t,0,0,NULL,NULL,NULL,NULL,NULL
16395,xmin,28,4,-2,-1,0,t,i,p,,t,f,f,,,f,t,0,0,NULL,NULL,NULL,NULL,NULL
16395,ctid,27,6,-1,-1,0,f,s,p,,t,f,f,,,f,t,0,0,NULL,NULL,NULL,NULL,NULL
16395,chunk_id,26,4,1,-1,0,t,i,p,,f,f,f,,,f,t,0,0,NULL,NULL,NULL,NULL,NULL
16395,chunk_seq,23,4,2,-1,0,t,i,p,,f,f,f,,,f,t,0,0,NULL,NULL,NULL,NULL,NULL
16395,chunk_data,17,-1,3,-1,0,f,i,p,,f,f,f,,,f,t,0,0,NULL,NULL,NULL,NULL,NULL
16396,chunk_id,26,4,1,-1,0,t,i,p,,f,f,f,,,f,t,0,0,NULL,NULL,NULL,NULL,NULL
16396,chunk_seq,23,4,2,-1,0,t,i,p,,f,f,f,,,f,t,0,0,NULL,NULL,NULL,NULL,NULL
16397,a,23,4,1,-1,0,t,i,p,,f,f,f,,,f,t,0,0,NULL,NULL,NULL,NULL,NULL
16399,lower,25,-1,1,-1,0,f,i,x,,f,f,f,,,f,t,0,100,NULL,NULL,NULL,NULL,NULL
16400,tableoid,26,4,-6,-1,0,t,i,p,,t,f,f,,,f,t,0,0,NULL,NULL,NULL,NULL,NULL
16400,cmax,29,4,-5,-1,0,t,i,p,,t,f,f,,,f,t,0,0,NULL,NULL,NULL,NULL,NULL
16400,xmax,28,4,-4,-1,0,t,i,p,,t,f,f,,,f,t,0,0,NULL,NULL,NULL,NULL,NULL
16400,cmin,29,4,-3,-1,0,t,i,p,,t,f,f,,,f,t,0,0,NULL,NULL,NULL,NULL,NULL
16400,xmin,28,4,-2,-1,0,t,i,p,,t,f,f,,,f,t,0,0,NULL,NULL,NULL,NULL,NULL
16400,ctid,27,6,-1,-1,0,f,s,p,,t,f,f,,,f,t,0,0,NULL,NULL,NULL,NULL,NULL
16400,a,23,4,1,-1,0,t,i,p,,f,f,f,,,f,t,0,0,NULL,NULL,NULL,NULL,NULL
16400,b,1015,-1,2,14,1,f,i,x,,f,f,f,,,f,t,0,100,NULL,NULL,NULL,NULL,NULL
16403,tableoid,26,4,-6,-1,0,t,i,p,,t,f,f,,,f,t,0,0,NULL,NULL,NULL,NULL,NULL
16403,cmax,29,4,-5,-1,0,t,i,p,,t,f,f,,,f,t,0,0,NULL,NULL,NULL,NULL,NULL
16403,xmax,28,4,-4,-1,0,t,i,p,,t,f,f,,,f,t,0,0,NULL,NULL,NULL,NULL,NULL
16403,cmin,29,4,-3,-1,0,t,i,p,,t,f,f,,,f,t,0,0,NULL,NULL,NULL,NULL,NULL
16403,xmin,28,4,-2,-1,0,t,i,p,,t,f,f,,,f,t,0,0,NULL,NULL,NULL,NULL,NULL
16403,ctid,27,6,-1,-1,0,f,s,p,,t,f,f,,,f,t,0,0,NULL,NULL,NULL,NULL,NULL
16403,chunk_id,26,4,1,-1,0,t,i,p,,f,f,f,,,f,t,0,0,NULL,NULL,NULL,NULL,NULL
16403,chunk_seq,23,4,2,-1,0,t,i,p,,f,f,f,,,f,t,0,0,NULL,NULL,NULL,NULL,NULL
16403,chunk_data,17,-1,3,-1,0,f,i,p,,f,f,f,,,f,t,0,0,NULL,NULL,NULL,NULL,NULL
16404,chunk_id,26,4,1,-1,0,t,i,p,,f,f,f,,,f,t,0,0,NULL,NULL,NULL,NULL,NULL
16404,chunk_seq,23,4,2,-1,0,t,i,p,,f,f,f,,,f,t,0,0,NULL,NULL,NULL,NULL,NULL
16405,b,1015,-1,1,14,1,f,i,x,,f,f,f,,,f,t,0,100,NULL,NULL,NULL,NULL,NULL
pg_attrdef
16389,16386,2,t
16390,16386,4,t
pg_constraint
16391,t_c_check,16384,c,f,f,t,t,16386,0,0,0,0, , , ,t,0,f,f,{3},NULL,NULL,NULL,NULL,NULL,NULL,t
16392,t_a_not_null,16384,n,f,f,t,t,16386,0,0,0,0, , , ,t,0,f,f,{1},NULL,NULL,NULL,NULL,NULL,NULL,f
16393,t_b_not_null,16384,n,f,f,t,t,16386,0,0,0,0, , , ,t,0,f,f,{2},NULL,NULL,NULL,NULL,NULL,NULL,f
16394,t_d_not_null,16384,n,f,f,t,t,16386,0,0,0,0, , , ,t,0,f,f,{4},NULL,NULL,NULL,NULL,NULL,NULL,f
16398,t_pkey,16384,p,f,f,t,t,16386,0,16397,0,0, , , ,t,0,t,f,{1},NULL,NULL,NULL,NULL,NULL,NULL,f
16406,u_b_key,16384,u,f,f,t,t,16400,0,16405,0,0, , , ,t,0,t,f,{2},NULL,NULL,NULL,NULL,NULL,NULL,f
16407,u_a_fkey,16384,f,f,f,t,t,16400,0,16397,0,16386,a,a,s,t,0,t,f,{1},{1},{96},{96},{96},NULL,NULL,f
pg_index
16396,16395,2,2,t,f,t,f,t,f,t,f,t,t,f,1 2,0 0,1981 1978,0 0,f,f
16397,16386,1,1,t,f,t,f,t,f,t,f,t,t,f,1,0,1978,0,f,f
16399,16386,1,1,f,f,f,f,t,f,t,f,t,t,f,0,100,3126,0,t,t
16404,16403,2,2,t,f,t,f,t,f,t,f,t,t,f,1 2,0 0,1981 1978,0 0,f,f
16405,16400,1,1,t,f,f,f,t,f,t,f,t,t,f,2,100,10000,0,f,f
pg_sequence
16385,23,1,1,2147483647,1,1,f
pg_depend
1247,16387,0,1247,16388,0,i
1247,16388,0,1259,16386,0,i
1247,16401,0,1247,16402,0,i
1247,16402,0,1259,16400,0,i
1259,16385,0,1259,16386,4,a
1259,16385,0,2615,16384,0,n
1259,16386,0,2615,16384,0,n
1259,16395,0,1259,16386,0,i
1259,16396,0,1259,16395,1,a
1259,16396,0,1259,16395,2,a
1259,16397,0,2606,16398,0,i
1259,16399,0,1259,16386,0,a
1259,16399,0,1259,16386,1,a
1259,16399,0,1259,16386,2,a
1259,16400,0,2615,16384,0,n
1259,16403,0,1259,16400,0,i
1259,16404,0,1259,16403,1,a
1259,16404,0,1259,16403,2,a
1259,16405,0,2606,16406,0,i
2604,16389,0,1259,16386,2,a
2604,16390,0,1259,16385,0,n
2604,16390,0,1259,16386,4,a
2606,16391,0,1259,16386,3,a
2606,16391,0,1259,16386,3,n
2606,16392,0,1259,16386,1,a
2606,16393,0,1259,16386,2,a
2606,16394,0,1259,16386,4,a
2606,16398,0,1259,16386,1,a
2606,16406,0,1259,16400,2,a
2606,16407,0,1259,16386,1,n
2606,16407,0,1259,16397,0,n
2606,16407,0,1259,16400,1,a
